// Bun Snapshot v1, https://goo.gl/fbAQLP

exports[`migrate cell 1`] = `
{
  "custom": {
    "mc": {
      "c": 1,
      "cs": 1,
      "r": 1,
      "rs": 1,
    },
    "ps": {
      "height": 48,
      "isshow": true,
      "left": 92,
      "top": 10,
      "value": "I am a comment",
      "width": 91,
    },
    "tr": 2,
  },
  "f": "=SUM(233)",
  "s": {
    "bg": {
      "rgb": "#f6b26b",
    },
    "bl": 1,
    "cl": {
      "rgb": "#990000",
    },
    "ff": "Arial",
    "fs": 9,
    "ht": 2,
    "it": 1,
    "st": {
      "s": 1,
    },
    "tb": 3,
    "tr": {
      "a": 2,
    },
    "ul": {
      "s": 1,
    },
    "vt": 2,
  },
  "t": 2,
  "v": 233,
}
`;
